// Vitest Snapshot v1, https://vitest.dev/guide/snapshot.html

exports[`Testing: Input > should render 1`] = `
<div>
  <label
    class="_label_d67774"
  >
    <div>
      Test Label
    </div>
    <input
      class="_input_d67774"
      placeholder="Ввод"
      type="text"
      value="Test Value"
    />
  </label>
</div>
`;
