// Vitest Snapshot v1, https://vitest.dev/guide/snapshot.html

exports[`Testing: WeekPlanningPage > should render 1`] = `
<div>
  <div
    class="_weekPlanningPageWrapper_53bfc1"
  >
    <div
      class="_weekPlanningTitle_53bfc1"
    >
      Набор блюд на неделю
    </div>
    <label
      class="_label_9fe140"
    >
      <div>
        Ингредиенты
      </div>
      <div
        class="_select_9fe140"
        tabindex="0"
      >
        Выбор
        <img
          class="_selectArrow_9fe140"
          src="/src/components/Select/assets/arrow.svg"
        />
      </div>
      <div
        class="_selectMenuWrapper_9fe140"
      />
    </label>
    <button
      class="MuiButtonBase-root MuiButton-root MuiButton-text MuiButton-textPrimary MuiButton-sizeMedium MuiButton-textSizeMedium MuiButton-colorPrimary MuiButton-root MuiButton-text MuiButton-textPrimary MuiButton-sizeMedium MuiButton-textSizeMedium MuiButton-colorPrimary _submitButton_53bfc1 css-1e6y48t-MuiButtonBase-root-MuiButton-root"
      tabindex="0"
      type="button"
    >
      Спланировать
      <span
        class="MuiTouchRipple-root css-8je8zh-MuiTouchRipple-root"
      />
    </button>
  </div>
</div>
`;
