// Vitest Snapshot v1, https://vitest.dev/guide/snapshot.html

exports[`Testing: Button > should render 1`] = `
<div>
  <button
    class="_buttonWrapper_89d844 additionalTestClass"
  >
    <div>
      Test Button
    </div>
  </button>
</div>
`;
