// Vitest Snapshot v1, https://vitest.dev/guide/snapshot.html

exports[`Testing: Loader > should render 1`] = `
<div>
  <div
    class="_loaderWrapper_5da3c1"
  />
</div>
`;
