// Vitest Snapshot v1, https://vitest.dev/guide/snapshot.html

exports[`Testing: Select > should render 1`] = `
<div>
  <label
    class="_label_9fe140"
  >
    <div>
      Test Label
    </div>
    <div
      class="_select_9fe140"
      tabindex="0"
    >
      <img
        class="_selectArrow_9fe140"
        src="/src/components/Select/assets/arrow.svg"
      />
    </div>
    <div
      class="_selectMenuWrapper_9fe140"
    />
  </label>
</div>
`;
